** Drc report for sensor_board.kicad_pcb **
** Created on 2026-05-30T11:07:02 **
** Report includes: Errors, Warnings, Exclusions **

** Found 0 DRC violations **

** Found 12 unconnected pads **
[unconnected_items]: Missing connection between items
    Local override; error
    @(8.7375 mm, 20.7500 mm): Pad 1 [GND] of U3 on F.Cu
    @(0.3000 mm, 0.3000 mm): Zone [GND] on F.Cu, priority 1
[unconnected_items]: Missing connection between items
    Local override; error
    @(9.1500 mm, 16.7000 mm): Pad 5 [GND] of U2 on F.Cu
    @(10.4000 mm, 17.3500 mm): Pad 8 [GND] of U2 on F.Cu
[unconnected_items]: Missing connection between items
    Local override; error
    @(0.3000 mm, 0.3000 mm): Zone [GND] on F.Cu, priority 1
    @(9.1500 mm, 16.7000 mm): Pad 5 [GND] of U2 on F.Cu
[unconnected_items]: Missing connection between items
    Local override; error
    @(9.6000 mm, 10.6500 mm): Pad 3 [GND] of U1 on F.Cu
    @(10.8500 mm, 11.7000 mm): Pad 9 [GND] of U1 on F.Cu
[unconnected_items]: Missing connection between items
    Local override; error
    @(10.8500 mm, 11.7000 mm): Pad 9 [GND] of U1 on F.Cu
    @(0.3000 mm, 0.3000 mm): Zone [GND] on F.Cu, priority 1
[unconnected_items]: Missing connection between items
    Local override; error
    @(10.8500 mm, 16.7000 mm): Pad 9 [GND] of U2 on F.Cu
    @(10.4000 mm, 17.3500 mm): Pad 8 [GND] of U2 on F.Cu
[unconnected_items]: Missing connection between items
    Local override; error
    @(16.7500 mm, 26.3375 mm): Pad 26 [GND] of U4 on F.Cu
    @(0.3000 mm, 0.3000 mm): Zone [GND] on F.Cu, priority 1
[unconnected_items]: Missing connection between items
    Local override; error
    @(17.2500 mm, 29.6625 mm): Pad 10 [GND] of U4 on F.Cu
    @(16.2500 mm, 29.6625 mm): Pad 8 [GND] of U4 on F.Cu
[unconnected_items]: Missing connection between items
    Local override; error
    @(18.2500 mm, 29.6625 mm): Pad 12 [GND] of U4 on F.Cu
    @(17.2500 mm, 29.6625 mm): Pad 10 [GND] of U4 on F.Cu
[unconnected_items]: Missing connection between items
    Local override; error
    @(18.7500 mm, 29.6625 mm): Pad 13 [GND] of U4 on F.Cu
    @(18.2500 mm, 29.6625 mm): Pad 12 [GND] of U4 on F.Cu
[unconnected_items]: Missing connection between items
    Local override; error
    @(18.7500 mm, 29.6625 mm): Pad 13 [GND] of U4 on F.Cu
    @(19.8875 mm, 28.2500 mm): Pad 17 [GND] of U4 on F.Cu
[unconnected_items]: Missing connection between items
    Local override; error
    @(0.3000 mm, 0.3000 mm): Zone [GND] on F.Cu, priority 1
    @(0.3000 mm, 0.3000 mm): Zone [GND] on F.Cu, priority 1

** Found 0 Footprint errors **

** Ignored checks **
    - Board edge clearance violation
    - Footprint has no courtyard defined
    - Track endpoint not centered on via
    - Tuning profile track geometries
    - Footprint doesn't match symbol's footprint filters
    - PTH inside courtyard
    - NPTH inside courtyard
    - Footprint component type doesn't match footprint pads

** End of Report **
